KING 2.3.2 - (c) 2010-2023 Wei-Min Chen

The following parameters are in effect:
                   Binary File :           t.bed (-bname)

Additional Options
         Close Relative Inference : --related [ON], --duplicate
   Pairwise Relatedness Inference : --kinship, --ibdseg, --ibs, --makeGRM
              Inference Parameter : --degree, --noscreen [-1717986816],
                                    --seglength, --minConc [0.80]
         Relationship Application : --unrelated, --cluster, --build
                        QC Report : --bysample, --bySNP, --roh, --autoQC
                     QC Parameter : --callrateN, --callrateM
             Population Structure : --pca, --mds
              Structure Parameter : --projection, --pcs
          Quantitative Trait GWAS : --lmm
                Binary Trait GWAS : --tdt, --gdt
                Association Model : --trait [], --covariate [], --maxP
     Association Method Parameter : --invnorm
               Genetic Risk Score : --risk, --model [], --prevalence, --noflip
              Computing Parameter : --cpus
                   Optional Input : --fam [], --bim [], --phefile [],
                                    --covfile [], --prunedsnp [],
                                    --sexchr [23]
                           Output : --rplot, --pngplot, --plink
                 Output Parameter : --prefix [run1], --rpath []

KING starts at Thu Aug 13 17:37:00 2026
Loading genotype data in PLINK binary format...
Read in PLINK fam file t.fam...
  PLINK pedigrees loaded: 8 samples
Read in PLINK bim file t.bim...
  Genotype data consist of 5000 autosome SNPs
  PLINK maps loaded: 5000 SNPs
Read in PLINK bed file t.bed...
0%6%13%19%25%31%38%44%50%56%63%69%75%81%88%  PLINK binary genotypes loaded.
94%  KING format genotype data successfully converted.

--related is replaced with --kinship for a small sample size.
Autosome genotypes stored in 79 words for each of 8 individuals.

Options in effect:
	--kinship
	--prefix run1

Within-family kinship data saved in file run1.kin

Relationship summary (total relatives: 9 by pedigree, 14 by inference)
  Source	MZ	PO	FS	2nd	3rd	OTHER
  ===========================================================
  Pedigree	0	6	3	0	0	7
  Inference	1	8	5	0	0	2

Relationship inference across families starts at Thu Aug 13 17:37:00 2026
8 CPU cores are used.
                                         ends at Thu Aug 13 17:37:00 2026
Between-family kinship data saved in file run1.kin0
Note --kinship --degree <n> can filter & speed up the kinship computing.
KING ends at Thu Aug 13 17:37:00 2026

