KING 2.3.2 - (c) 2010-2023 Wei-Min Chen

The following parameters are in effect:
                   Binary File :           h.bed (-bname)

Additional Options
         Close Relative Inference : --related [ON], --duplicate
   Pairwise Relatedness Inference : --kinship, --ibdseg, --ibs, --makeGRM
              Inference Parameter : --degree, --noscreen [-1717986816],
                                    --seglength, --minConc [0.80]
         Relationship Application : --unrelated, --cluster, --build
                        QC Report : --bysample, --bySNP, --roh, --autoQC
                     QC Parameter : --callrateN, --callrateM
             Population Structure : --pca, --mds
              Structure Parameter : --projection, --pcs
          Quantitative Trait GWAS : --lmm
                Binary Trait GWAS : --tdt, --gdt
                Association Model : --trait [], --covariate [], --maxP
     Association Method Parameter : --invnorm
               Genetic Risk Score : --risk, --model [], --prevalence, --noflip
              Computing Parameter : --cpus
                   Optional Input : --fam [], --bim [], --phefile [],
                                    --covfile [], --prunedsnp [],
                                    --sexchr [23]
                           Output : --rplot, --pngplot, --plink
                 Output Parameter : --prefix [rel], --rpath []

KING starts at Thu Aug 13 17:38:26 2026
Loading genotype data in PLINK binary format...
Read in PLINK fam file h.fam...
  PLINK pedigrees loaded: 60 samples
Read in PLINK bim file h.bim...
  Genotype data consist of 20000 autosome SNPs
  PLINK maps loaded: 20000 SNPs
Read in PLINK bed file h.bed...
0%6%13%19%25%31%38%44%50%56%63%69%75%81%88%  PLINK binary genotypes loaded.
94%  KING format genotype data successfully converted.
Autosome genotypes stored in 313 words for each of 60 individuals.

Options in effect:
	--related
	--prefix rel

Total length of 22 chromosomal segments usable for IBD segment analysis is 399.6 Mb.
  Information of these chromosomal segments can be found in file relallsegs.txt

Within-family kinship data saved in file rel.kin

Relationship summary (total relatives: 108 by pedigree, 98 by inference)
  Source	MZ	PO	FS	2nd	3rd	OTHER
  ===========================================================
  Pedigree	0	72	36	0	0	12
  Inference	0	72	0	0	26	22

A subset of informative SNPs will be used to screen close relatives.
Sorting autosomes...
Relationship inference across families starts at Thu Aug 13 17:38:26 2026
8 CPU cores are used...
                                         ends at Thu Aug 13 17:38:26 2026
No close relatives are inferred.

KING ends at Thu Aug 13 17:38:26 2026

